> Task :app:preBuild UP-TO-DATE
> Task :app:preDebugBuild UP-TO-DATE
> Task :app:mergeDebugNativeDebugMetadata NO-SOURCE
> Task :app:dataBindingMergeDependencyArtifactsDebug UP-TO-DATE
> Task :app:generateDebugResources UP-TO-DATE
> Task :app:mergeDebugResources UP-TO-DATE
> Task :app:packageDebugResources UP-TO-DATE
> Task :app:processDebugNavigationResources UP-TO-DATE
> Task :app:parseDebugLocalResources UP-TO-DATE
> Task :app:dataBindingGenBaseClassesDebug UP-TO-DATE
> Task :app:generateDebugRFile UP-TO-DATE
> Task :app:compileDebugKotlin NO-SOURCE
> Task :app:javaPreCompileDebug UP-TO-DATE

> Task :app:compileDebugJavaWithJavac FAILED
.\gradlew : F:\Project_personal\bailam
\app\src\main\java\com\example\bailam\
database\Task.java:12: warning: 
subjectId column references a foreign 
key but it is not part of an index. 
This may trigger full table scans 
whenever parent table is modified so 
you are highly advised to create an 
index that covers this column.
At line:1 char:1
+ .\gradlew assembleDebug > 
build_output.txt 2>&1
+ ~~~~~~~~~~~~~~~~~~~~~~~~~~~~~~~~~~~~
~~~~~~~~~~~
    + CategoryInfo          : NotSp   
 ecified: (F:\Project_pers...rs     
this column.:String) [], Remote    
Exception
    + FullyQualifiedErrorId : Nativ   
 eCommandError
 
public class Task {
       ^
F:\Project_personal\bailam\app\src\mai
n\java\com\example\bailam\database\App
Database.java:10: warning: Schema 
export directory was not provided to 
the annotation processor so Room 
cannot export the schema. You can 
either provide `room.schemaLocation` 
annotation processor argument by 
applying the Room Gradle plugin (id 
'androidx.room') OR set exportSchema 
to false.
public abstract class AppDatabase 
extends RoomDatabase {
                ^
F:\Project_personal\bailam\app\src\mai
n\java\com\example\bailam\ui\MainActiv
ity.java:149: error: cannot find 
symbol
            SharedPreferences 
settings = 
getSharedPreferences("AppSettings", 
MODE_PRIVATE);
            ^
  symbol:   class SharedPreferences
  location: class MainActivity
Note: F:\Project_personal\bailam\app\s
rc\main\java\com\example\bailam\databa
se\AppDatabase.java uses or overrides 
a deprecated API.
Note: Recompile with 
-Xlint:deprecation for details.
1 error
2 warnings

[Incubating] Problems report is available at: file:///F:/Project_personal/bailam/build/reports/problems/problems-report.html

FAILURE: Build failed with an 
exception.

* What went wrong:
Execution failed for task 
':app:compileDebugJavaWithJavac'.
> Compilation failed; see the 
compiler output below.
  Note: F:\Project_personal\bailam\app
\src\main\java\com\example\bailam\data
base\AppDatabase.java uses or 
overrides a deprecated API.
  F:\Project_personal\bailam\app\src\m
ain\java\com\example\bailam\database\T
ask.java:12: warning: subjectId 
column references a foreign key but 
it is not part of an index. This may 
trigger full table scans whenever 
parent table is modified so you are 
highly advised to create an index 
that covers this column.
  public class Task {
         ^
  F:\Project_personal\bailam\app\src\m
ain\java\com\example\bailam\database\A
ppDatabase.java:10: warning: Schema 
export directory was not provided to 
the annotation processor so Room 
cannot export the schema. You can 
either provide `room.schemaLocation` 
annotation processor argument by 
applying the Room Gradle plugin (id 
'androidx.room') OR set exportSchema 
to false.
  public abstract class AppDatabase 
extends RoomDatabase {
                  ^
  Note: Recompile with 
-Xlint:deprecation for details.
  F:\Project_personal\bailam\app\src\m
ain\java\com\example\bailam\ui\MainAct
ivity.java:149: error: cannot find 
symbol
              SharedPreferences 
settings = 
getSharedPreferences("AppSettings", 
MODE_PRIVATE);
              ^
    symbol:   class SharedPreferences
    location: class MainActivity
  1 error
  2 warnings

* Try:
> Check your code and dependencies to 
fix the compilation error(s)
> Run with --scan to generate a Build 
Scan (Powered by Develocity).

BUILD FAILED in 3s
10 actionable tasks: 1 executed, 9 up-to-date
